// Jest Snapshot v1, https://goo.gl/fbAQLP

exports[`AiMonitor providing invalid login data should reject 1`] = `undefined`;
